#-----------------------------------------------------------
# Vivado v2023.1 (64-bit)
# SW Build 3865809 on Sun May  7 15:04:56 MDT 2023
# IP Build 3864474 on Sun May  7 20:36:21 MDT 2023
# SharedData Build 3865790 on Sun May 07 13:33:03 MDT 2023
# Start of session at: Thu Feb  6 15:27:44 2025
# Process ID: 23925
# Current directory: /home/niranjan/XilinxToolsProjects/convolutionSystem/convolutionSystem.runs/convolutionSystem_auto_us_1_synth_1
# Command line: vivado -log convolutionSystem_auto_us_1.vds -product Vivado -mode batch -messageDb vivado.pb -notrace -source convolutionSystem_auto_us_1.tcl
# Log file: /home/niranjan/XilinxToolsProjects/convolutionSystem/convolutionSystem.runs/convolutionSystem_auto_us_1_synth_1/convolutionSystem_auto_us_1.vds
# Journal file: /home/niranjan/XilinxToolsProjects/convolutionSystem/convolutionSystem.runs/convolutionSystem_auto_us_1_synth_1/vivado.jou
# Running On: niranjan-asus, OS: Linux, CPU Frequency: 1090.356 MHz, CPU Physical cores: 12, Host memory: 16361 MB
#-----------------------------------------------------------
source convolutionSystem_auto_us_1.tcl -notrace
